CCS PCM C Compiler, Version 4.038, 62930               30-Nis-08 00:31

               Filename: E:\trafik\trafik_lambasý.lst

               ROM used: 556 words (7%)
                         Largest free fragment is 2048
               RAM used: 8 (2%) at main() level
                         9 (2%) worst case
               Stack:    1 locations

*
0000:  MOVLW  00
0001:  MOVWF  0A
0002:  GOTO   019
0003:  NOP
.................... #include<16f877a.h> 
.................... //////// Standard Header file for the PIC16F877A device //////////////// 
.................... #device PIC16F877A 
.................... #list 
....................  
.................... #fuses nowdt,xt 
.................... #use delay(clock=4000000)  
0004:  MOVLW  22
0005:  MOVWF  04
0006:  BCF    03.7
0007:  MOVF   00,W
0008:  BTFSC  03.2
0009:  GOTO   018
000A:  MOVLW  01
000B:  MOVWF  78
000C:  CLRF   77
000D:  DECFSZ 77,F
000E:  GOTO   00D
000F:  DECFSZ 78,F
0010:  GOTO   00C
0011:  MOVLW  4A
0012:  MOVWF  77
0013:  DECFSZ 77,F
0014:  GOTO   013
0015:  GOTO   016
0016:  DECFSZ 00,F
0017:  GOTO   00A
0018:  RETLW  00
.................... #define k1 pin_b7 
.................... #define k2 pin_b2 
.................... #define k3 pin_d5   
.................... #define k4 pin_c4 
.................... #define k5 pin_c1     
.................... #define s1 pin_b6 
.................... #define s2 pin_b1                          
.................... #define s3 pin_d4  
.................... #define s4 pin_d3  
.................... #define s5 pin_c2  
.................... #define y1 pin_b5                 
.................... #define y2 pin_b0 
.................... #define y3 pin_c7                   
.................... #define y4 pin_d2  
.................... #define y5 pin_c3  
.................... #define yk1 pin_b4 
.................... #define yk2 pin_d7  
.................... #define yk3 pin_c6 
.................... #define yk4 pin_e2 
.................... #define yk5 pin_d1                 
.................... #define yy1 pin_b3  
.................... #define yy2 pin_d6 
.................... #define yy3 pin_c5  
.................... #define yy4 pin_c0  
.................... #define yy5 pin_d0   
....................  
....................  
....................                                            
....................  
....................                                                
....................  
....................  
.................... void main() 
.................... { 
0019:  CLRF   04
001A:  BCF    03.7
001B:  MOVLW  1F
001C:  ANDWF  03,F
001D:  BSF    03.5
001E:  BSF    1F.0
001F:  BSF    1F.1
0020:  BSF    1F.2
0021:  BCF    1F.3
0022:  MOVLW  07
0023:  MOVWF  1C
.................... output_b(0); 
*
0027:  BSF    03.5
0028:  CLRF   06
0029:  BCF    03.5
002A:  CLRF   06
.................... output_c(0); 
*
0024:  MOVLW  FF
0025:  BCF    03.5
0026:  MOVWF  20
*
002B:  MOVLW  00
002C:  MOVWF  20
002D:  BSF    03.5
002E:  CLRF   07
002F:  BCF    03.5
0030:  CLRF   07
.................... output_d(0); 
0031:  BSF    03.5
0032:  CLRF   08
0033:  BCF    03.5
0034:  CLRF   08
.................... output_low(pin_e2);   
0035:  BSF    03.5
0036:  BCF    09.2
0037:  BCF    03.5
0038:  BCF    09.2
....................    while(true) 
....................    {  
....................       output_high(k1); 
0039:  BSF    03.5
003A:  BCF    06.7
003B:  BCF    03.5
003C:  BSF    06.7
....................       output_high(k2); 
003D:  BSF    03.5
003E:  BCF    06.2
003F:  BCF    03.5
0040:  BSF    06.2
....................       output_high(k3); 
0041:  BSF    03.5
0042:  BCF    08.5
0043:  BCF    03.5
0044:  BSF    08.5
....................       output_high(k4); 
0045:  BCF    20.4
0046:  MOVF   20,W
0047:  BSF    03.5
0048:  MOVWF  07
0049:  BCF    03.5
004A:  BSF    07.4
....................       output_high(yk1); 
004B:  BSF    03.5
004C:  BCF    06.4
004D:  BCF    03.5
004E:  BSF    06.4
....................       output_high(yk2); 
004F:  BSF    03.5
0050:  BCF    08.7
0051:  BCF    03.5
0052:  BSF    08.7
....................       output_high(yk3); 
0053:  BCF    20.6
0054:  MOVF   20,W
0055:  BSF    03.5
0056:  MOVWF  07
0057:  BCF    03.5
0058:  BSF    07.6
....................       output_high(yk4); 
0059:  BSF    03.5
005A:  BCF    09.2
005B:  BCF    03.5
005C:  BSF    09.2
....................       output_high(yk5);     
005D:  BSF    03.5
005E:  BCF    08.1
005F:  BCF    03.5
0060:  BSF    08.1
....................       output_high(y5);                             
0061:  BCF    20.3
0062:  MOVF   20,W
0063:  BSF    03.5
0064:  MOVWF  07
0065:  BCF    03.5
0066:  BSF    07.3
....................       delay_ms(6000);  
0067:  MOVLW  18
0068:  MOVWF  21
0069:  MOVLW  FA
006A:  MOVWF  22
006B:  CALL   004
006C:  DECFSZ 21,F
006D:  GOTO   069
....................       output_low(yk4); 
006E:  BSF    03.5
006F:  BCF    09.2
0070:  BCF    03.5
0071:  BCF    09.2
....................       output_high(yy4); 
0072:  BCF    20.0
0073:  MOVF   20,W
0074:  BSF    03.5
0075:  MOVWF  07
0076:  BCF    03.5
0077:  BSF    07.0
....................       delay_ms(1500); 
0078:  MOVLW  06
0079:  MOVWF  21
007A:  MOVLW  FA
007B:  MOVWF  22
007C:  CALL   004
007D:  DECFSZ 21,F
007E:  GOTO   07A
....................       output_low(yy4); 
007F:  BCF    20.0
0080:  MOVF   20,W
0081:  BSF    03.5
0082:  MOVWF  07
0083:  BCF    03.5
0084:  BCF    07.0
....................       output_high(yk4); 
0085:  BSF    03.5
0086:  BCF    09.2
0087:  BCF    03.5
0088:  BSF    09.2
....................       delay_ms(1500); 
0089:  MOVLW  06
008A:  MOVWF  21
008B:  MOVLW  FA
008C:  MOVWF  22
008D:  CALL   004
008E:  DECFSZ 21,F
008F:  GOTO   08B
....................        
....................       output_low(y5); 
0090:  BCF    20.3
0091:  MOVF   20,W
0092:  BSF    03.5
0093:  MOVWF  07
0094:  BCF    03.5
0095:  BCF    07.3
....................       output_high(s5); 
0096:  BCF    20.2
0097:  MOVF   20,W
0098:  BSF    03.5
0099:  MOVWF  07
009A:  BCF    03.5
009B:  BSF    07.2
....................       delay_ms(1000); 
009C:  MOVLW  04
009D:  MOVWF  21
009E:  MOVLW  FA
009F:  MOVWF  22
00A0:  CALL   004
00A1:  DECFSZ 21,F
00A2:  GOTO   09E
....................       output_low(s5); 
00A3:  BCF    20.2
00A4:  MOVF   20,W
00A5:  BSF    03.5
00A6:  MOVWF  07
00A7:  BCF    03.5
00A8:  BCF    07.2
....................       output_high(k5); 
00A9:  BCF    20.1
00AA:  MOVF   20,W
00AB:  BSF    03.5
00AC:  MOVWF  07
00AD:  BCF    03.5
00AE:  BSF    07.1
....................       output_high(s4); 
00AF:  BSF    03.5
00B0:  BCF    08.3
00B1:  BCF    03.5
00B2:  BSF    08.3
....................       delay_ms(1000); 
00B3:  MOVLW  04
00B4:  MOVWF  21
00B5:  MOVLW  FA
00B6:  MOVWF  22
00B7:  CALL   004
00B8:  DECFSZ 21,F
00B9:  GOTO   0B5
....................       output_low(s4); 
00BA:  BSF    03.5
00BB:  BCF    08.3
00BC:  BCF    03.5
00BD:  BCF    08.3
....................       output_low(k4); 
00BE:  BCF    20.4
00BF:  MOVF   20,W
00C0:  BSF    03.5
00C1:  MOVWF  07
00C2:  BCF    03.5
00C3:  BCF    07.4
....................       output_high(y4); 
00C4:  BSF    03.5
00C5:  BCF    08.2
00C6:  BCF    03.5
00C7:  BSF    08.2
....................       delay_ms(4000);  
00C8:  MOVLW  10
00C9:  MOVWF  21
00CA:  MOVLW  FA
00CB:  MOVWF  22
00CC:  CALL   004
00CD:  DECFSZ 21,F
00CE:  GOTO   0CA
....................       output_low(yk3); 
00CF:  BCF    20.6
00D0:  MOVF   20,W
00D1:  BSF    03.5
00D2:  MOVWF  07
00D3:  BCF    03.5
00D4:  BCF    07.6
....................       output_high(yy3); 
00D5:  BCF    20.5
00D6:  MOVF   20,W
00D7:  BSF    03.5
00D8:  MOVWF  07
00D9:  BCF    03.5
00DA:  BSF    07.5
....................       output_high(pin_e0); 
00DB:  BSF    03.5
00DC:  BCF    09.0
00DD:  BCF    03.5
00DE:  BSF    09.0
....................          while(!input(pin_e1)); 
00DF:  BSF    03.5
00E0:  BSF    09.1
00E1:  BCF    03.5
00E2:  BTFSS  09.1
00E3:  GOTO   0DF
....................       output_low(pin_e0); 
00E4:  BSF    03.5
00E5:  BCF    09.0
00E6:  BCF    03.5
00E7:  BCF    09.0
....................       //delay_ms(1500); 
....................       output_low(yy3); 
00E8:  BCF    20.5
00E9:  MOVF   20,W
00EA:  BSF    03.5
00EB:  MOVWF  07
00EC:  BCF    03.5
00ED:  BCF    07.5
....................       output_high(yk3); 
00EE:  BCF    20.6
00EF:  MOVF   20,W
00F0:  BSF    03.5
00F1:  MOVWF  07
00F2:  BCF    03.5
00F3:  BSF    07.6
....................       delay_ms(1500); 
00F4:  MOVLW  06
00F5:  MOVWF  21
00F6:  MOVLW  FA
00F7:  MOVWF  22
00F8:  CALL   004
00F9:  DECFSZ 21,F
00FA:  GOTO   0F6
....................                                
....................       output_low(y4); 
00FB:  BSF    03.5
00FC:  BCF    08.2
00FD:  BCF    03.5
00FE:  BCF    08.2
....................       output_high(s4); 
00FF:  BSF    03.5
0100:  BCF    08.3
0101:  BCF    03.5
0102:  BSF    08.3
....................       delay_ms(1000); 
0103:  MOVLW  04
0104:  MOVWF  21
0105:  MOVLW  FA
0106:  MOVWF  22
0107:  CALL   004
0108:  DECFSZ 21,F
0109:  GOTO   105
....................       output_low(s4);                                                    
010A:  BSF    03.5
010B:  BCF    08.3
010C:  BCF    03.5
010D:  BCF    08.3
....................       output_high(k4); 
010E:  BCF    20.4
010F:  MOVF   20,W
0110:  BSF    03.5
0111:  MOVWF  07
0112:  BCF    03.5
0113:  BSF    07.4
....................       output_high(s3); 
0114:  BSF    03.5
0115:  BCF    08.4
0116:  BCF    03.5
0117:  BSF    08.4
....................       delay_ms(1000); 
0118:  MOVLW  04
0119:  MOVWF  21
011A:  MOVLW  FA
011B:  MOVWF  22
011C:  CALL   004
011D:  DECFSZ 21,F
011E:  GOTO   11A
....................       output_low(s3); 
011F:  BSF    03.5
0120:  BCF    08.4
0121:  BCF    03.5
0122:  BCF    08.4
....................       output_low(k3); 
0123:  BSF    03.5
0124:  BCF    08.5
0125:  BCF    03.5
0126:  BCF    08.5
....................       output_high(y3);    
0127:  BCF    20.7
0128:  MOVF   20,W
0129:  BSF    03.5
012A:  MOVWF  07
012B:  BCF    03.5
012C:  BSF    07.7
....................       delay_ms(4000); 
012D:  MOVLW  10
012E:  MOVWF  21
012F:  MOVLW  FA
0130:  MOVWF  22
0131:  CALL   004
0132:  DECFSZ 21,F
0133:  GOTO   12F
....................       output_low(yk2); 
0134:  BSF    03.5
0135:  BCF    08.7
0136:  BCF    03.5
0137:  BCF    08.7
....................       output_high(yy2); 
0138:  BSF    03.5
0139:  BCF    08.6
013A:  BCF    03.5
013B:  BSF    08.6
....................       delay_ms(1500); 
013C:  MOVLW  06
013D:  MOVWF  21
013E:  MOVLW  FA
013F:  MOVWF  22
0140:  CALL   004
0141:  DECFSZ 21,F
0142:  GOTO   13E
....................       output_low(yy2); 
0143:  BSF    03.5
0144:  BCF    08.6
0145:  BCF    03.5
0146:  BCF    08.6
....................       output_high(yk2); 
0147:  BSF    03.5
0148:  BCF    08.7
0149:  BCF    03.5
014A:  BSF    08.7
....................       delay_ms(1500); 
014B:  MOVLW  06
014C:  MOVWF  21
014D:  MOVLW  FA
014E:  MOVWF  22
014F:  CALL   004
0150:  DECFSZ 21,F
0151:  GOTO   14D
....................        
....................       output_low(y3); 
0152:  BCF    20.7
0153:  MOVF   20,W
0154:  BSF    03.5
0155:  MOVWF  07
0156:  BCF    03.5
0157:  BCF    07.7
....................       output_high(s3); 
0158:  BSF    03.5
0159:  BCF    08.4
015A:  BCF    03.5
015B:  BSF    08.4
....................       delay_ms(1000); 
015C:  MOVLW  04
015D:  MOVWF  21
015E:  MOVLW  FA
015F:  MOVWF  22
0160:  CALL   004
0161:  DECFSZ 21,F
0162:  GOTO   15E
....................       output_low(s3); 
0163:  BSF    03.5
0164:  BCF    08.4
0165:  BCF    03.5
0166:  BCF    08.4
....................       output_high(k3); 
0167:  BSF    03.5
0168:  BCF    08.5
0169:  BCF    03.5
016A:  BSF    08.5
....................       output_high(s2);                                                  
016B:  BSF    03.5
016C:  BCF    06.1
016D:  BCF    03.5
016E:  BSF    06.1
....................       delay_ms(1000); 
016F:  MOVLW  04
0170:  MOVWF  21
0171:  MOVLW  FA
0172:  MOVWF  22
0173:  CALL   004
0174:  DECFSZ 21,F
0175:  GOTO   171
....................       output_low(s2); 
0176:  BSF    03.5
0177:  BCF    06.1
0178:  BCF    03.5
0179:  BCF    06.1
....................       output_low(k2); 
017A:  BSF    03.5
017B:  BCF    06.2
017C:  BCF    03.5
017D:  BCF    06.2
....................       output_high(y2);  
017E:  BSF    03.5
017F:  BCF    06.0
0180:  BCF    03.5
0181:  BSF    06.0
....................       delay_ms(4000); 
0182:  MOVLW  10
0183:  MOVWF  21
0184:  MOVLW  FA
0185:  MOVWF  22
0186:  CALL   004
0187:  DECFSZ 21,F
0188:  GOTO   184
....................       output_low(yk1); 
0189:  BSF    03.5
018A:  BCF    06.4
018B:  BCF    03.5
018C:  BCF    06.4
....................       output_high(yy1); 
018D:  BSF    03.5
018E:  BCF    06.3
018F:  BCF    03.5
0190:  BSF    06.3
....................       delay_ms(1500); 
0191:  MOVLW  06
0192:  MOVWF  21
0193:  MOVLW  FA
0194:  MOVWF  22
0195:  CALL   004
0196:  DECFSZ 21,F
0197:  GOTO   193
....................       output_low(yy1); 
0198:  BSF    03.5
0199:  BCF    06.3
019A:  BCF    03.5
019B:  BCF    06.3
....................       output_high(yk1);          
019C:  BSF    03.5
019D:  BCF    06.4
019E:  BCF    03.5
019F:  BSF    06.4
....................       delay_ms(1500); 
01A0:  MOVLW  06
01A1:  MOVWF  21
01A2:  MOVLW  FA
01A3:  MOVWF  22
01A4:  CALL   004
01A5:  DECFSZ 21,F
01A6:  GOTO   1A2
....................        
....................       output_low(y2); 
01A7:  BSF    03.5
01A8:  BCF    06.0
01A9:  BCF    03.5
01AA:  BCF    06.0
....................       output_high(s2); 
01AB:  BSF    03.5
01AC:  BCF    06.1
01AD:  BCF    03.5
01AE:  BSF    06.1
....................       delay_ms(1000); 
01AF:  MOVLW  04
01B0:  MOVWF  21
01B1:  MOVLW  FA
01B2:  MOVWF  22
01B3:  CALL   004
01B4:  DECFSZ 21,F
01B5:  GOTO   1B1
....................       output_low(s2); 
01B6:  BSF    03.5
01B7:  BCF    06.1
01B8:  BCF    03.5
01B9:  BCF    06.1
....................       output_high(k2); 
01BA:  BSF    03.5
01BB:  BCF    06.2
01BC:  BCF    03.5
01BD:  BSF    06.2
....................       output_high(s1); 
01BE:  BSF    03.5
01BF:  BCF    06.6
01C0:  BCF    03.5
01C1:  BSF    06.6
....................       delay_ms(1000); 
01C2:  MOVLW  04
01C3:  MOVWF  21
01C4:  MOVLW  FA
01C5:  MOVWF  22
01C6:  CALL   004
01C7:  DECFSZ 21,F
01C8:  GOTO   1C4
....................       output_low(s1); 
01C9:  BSF    03.5
01CA:  BCF    06.6
01CB:  BCF    03.5
01CC:  BCF    06.6
....................       output_low(k1);                   
01CD:  BSF    03.5
01CE:  BCF    06.7
01CF:  BCF    03.5
01D0:  BCF    06.7
....................       output_high(y1); 
01D1:  BSF    03.5
01D2:  BCF    06.5
01D3:  BCF    03.5
01D4:  BSF    06.5
....................       delay_ms(4000); 
01D5:  MOVLW  10
01D6:  MOVWF  21
01D7:  MOVLW  FA
01D8:  MOVWF  22
01D9:  CALL   004
01DA:  DECFSZ 21,F
01DB:  GOTO   1D7
....................       output_low(yk5); 
01DC:  BSF    03.5
01DD:  BCF    08.1
01DE:  BCF    03.5
01DF:  BCF    08.1
....................       output_high(yy5);      
01E0:  BSF    03.5
01E1:  BCF    08.0
01E2:  BCF    03.5
01E3:  BSF    08.0
....................       delay_ms(2000); 
01E4:  MOVLW  08
01E5:  MOVWF  21
01E6:  MOVLW  FA
01E7:  MOVWF  22
01E8:  CALL   004
01E9:  DECFSZ 21,F
01EA:  GOTO   1E6
....................       output_low(yy5); 
01EB:  BSF    03.5
01EC:  BCF    08.0
01ED:  BCF    03.5
01EE:  BCF    08.0
....................       output_high(yk5); 
01EF:  BSF    03.5
01F0:  BCF    08.1
01F1:  BCF    03.5
01F2:  BSF    08.1
....................       delay_ms(2000); 
01F3:  MOVLW  08
01F4:  MOVWF  21
01F5:  MOVLW  FA
01F6:  MOVWF  22
01F7:  CALL   004
01F8:  DECFSZ 21,F
01F9:  GOTO   1F5
....................        
....................                              
....................       output_low(y1); 
01FA:  BSF    03.5
01FB:  BCF    06.5
01FC:  BCF    03.5
01FD:  BCF    06.5
....................       output_high(s1); 
01FE:  BSF    03.5
01FF:  BCF    06.6
0200:  BCF    03.5
0201:  BSF    06.6
....................       delay_ms(1000); 
0202:  MOVLW  04
0203:  MOVWF  21
0204:  MOVLW  FA
0205:  MOVWF  22
0206:  CALL   004
0207:  DECFSZ 21,F
0208:  GOTO   204
....................       output_low(s1);      
0209:  BSF    03.5
020A:  BCF    06.6
020B:  BCF    03.5
020C:  BCF    06.6
....................       output_high(k1); 
020D:  BSF    03.5
020E:  BCF    06.7
020F:  BCF    03.5
0210:  BSF    06.7
....................       output_high(s5); 
0211:  BCF    20.2
0212:  MOVF   20,W
0213:  BSF    03.5
0214:  MOVWF  07
0215:  BCF    03.5
0216:  BSF    07.2
....................       delay_ms(1000); 
0217:  MOVLW  04
0218:  MOVWF  21
0219:  MOVLW  FA
021A:  MOVWF  22
021B:  CALL   004
021C:  DECFSZ 21,F
021D:  GOTO   219
....................       output_low(s5); 
021E:  BCF    20.2
021F:  MOVF   20,W
0220:  BSF    03.5
0221:  MOVWF  07
0222:  BCF    03.5
0223:  BCF    07.2
....................       output_low(k5); 
0224:  BCF    20.1
0225:  MOVF   20,W
0226:  BSF    03.5
0227:  MOVWF  07
0228:  BCF    03.5
0229:  BCF    07.1
....................             
....................        
....................    }                           
022A:  GOTO   039
....................    } 
022B:  SLEEP

Configuration Fuses:
   Word  1: 3F71   XT NOWDT PUT NODEBUG NOPROTECT BROWNOUT NOLVP NOCPD NOWRT
